dense_hits_subchain_in_set : ∀ (A : Set.{0} Nat) (ambient : Nat → Nat),
  @LT.lt.{0} Real Real.instLT (@OfNat.ofNat.{0} Real (nat_lit 0) (@Zero.toOfNat0.{0} Real Real.instZero))
      (upper_doubly_log_density A) →
    strictly_increasing_divisibility_chain ambient →
      chain_hits_density_at_least ambient A (upper_doubly_log_density A) →
        @Exists.{1} (Nat → Nat) fun (n : Nat → Nat) =>
          And (strictly_increasing_divisibility_chain n)
            (And (chain_in_set n A) (upper_chain_density_at_least n (upper_doubly_log_density A)))
theorem dense_hits_subchain_in_set : ∀ (A : Set.{0} Nat) (ambient : Nat → Nat),
  @LT.lt.{0} Real Real.instLT (@OfNat.ofNat.{0} Real (nat_lit 0) (@Zero.toOfNat0.{0} Real Real.instZero))
      (upper_doubly_log_density A) →
    strictly_increasing_divisibility_chain ambient →
      chain_hits_density_at_least ambient A (upper_doubly_log_density A) →
        @Exists.{1} (Nat → Nat) fun (n : Nat → Nat) =>
          And (strictly_increasing_divisibility_chain n)
            (And (chain_in_set n A) (upper_chain_density_at_least n (upper_doubly_log_density A))) :=
fun (A : ⋯) (ambient : ⋯) (hApos : ⋯) (hambient : ⋯) (hhit : ⋯) =>
  let p : ⋯ := fun (i : Nat) => @Membership.mem.{0, 0} Nat (Set.{0} Nat) (@Set.instMembership.{0} Nat) A (ambient i);
  have hpinf : ⋯ :=
    @Decidable.byContradiction (@Set.Infinite.{0} Nat (@setOf.{0} Nat p))
      (Classical.propDecidable (@Set.Infinite.{0} Nat (@setOf.{0} Nat p)))
      fun (hpinf : Not (@Set.Infinite.{0} Nat (@setOf.{0} Nat p))) =>
      have hpfin : @Set.Finite.{0} Nat (@setOf.{0} Nat p) :=
        @Iff.mp (Not (@Set.Infinite.{0} Nat (@setOf.{0} Nat p))) (@Set.Finite.{0} Nat (@setOf.{0} Nat p))
          (@Set.not_infinite.{0} Nat (@setOf.{0} Nat p)) hpinf;
      have hbound :
        ∀ (x : Real),
          @LE.le.{0} Nat instLENat (chain_hits_count_up_to ambient A x) (@Set.ncard.{0} Nat (@setOf.{0} Nat p)) :=
        fun (x : Real) =>
        have hsubset :
          @HasSubset.Subset.{0} (Set.{0} Nat) (@Set.instHasSubset.{0} Nat)
            (@setOf.{0} Nat fun (i : Nat) =>
              And (@Membership.mem.{0, 0} Nat (Set.{0} Nat) (@Set.instMembership.{0} Nat) A (ambient i))
                (@LE.le.{0} Real Real.instLE (@Nat.cast.{0} Real Real.instNatCast (ambient i)) x))
            (@setOf.{0} Nat p) :=
          fun ⦃i : Nat⦄
            (hi :
              @Membership.mem.{0, 0} Nat (Set.{0} Nat) (@Set.instMembership.{0} Nat)
                (@setOf.{0} Nat fun (i : Nat) =>
                  And (@Membership.mem.{0, 0} Nat (Set.{0} Nat) (@Set.instMembership.{0} Nat) A (ambient i))
                    (@LE.le.{0} Real Real.instLE (@Nat.cast.{0} Real Real.instNatCast (ambient i)) x))
                i) =>
          @And.left (@Membership.mem.{0, 0} Nat (Set.{0} Nat) (@Set.instMembership.{0} Nat) A (ambient i))
            (@LE.le.{0} Real Real.instLE (@Nat.cast.{0} Real Real.instNatCast (ambient i)) x) hi;
        @Eq.mpr.{0}
          (@LE.le.{0} Nat instLENat (chain_hits_count_up_to ambient A x) (@Set.ncard.{0} Nat (@setOf.{0} Nat p)))
          (@LE.le.{0} Nat instLENat
            (@Set.ncard.{0} Nat
              (@setOf.{0} Nat fun (i : Nat) =>
                And (@Membership.mem.{0, 0} Nat (Set.{0} Nat) (@Set.instMembership.{0} Nat) A (ambient i))
                  (@LE.le.{0} Real Real.instLE (@Nat.cast.{0} Real Real.instNatCast (ambient i)) x)))
            (@Set.ncard.{0} Nat
              (@setOf.{0} Nat fun (i : Nat) =>
                @Membership.mem.{0, 0} Nat (Set.{0} Nat) (@Set.instMembership.{0} Nat) A (ambient i))))
          (@id.{0}
            (@Eq.{1} Prop
              (@LE.le.{0} Nat instLENat (chain_hits_count_up_to ambient A x) (@Set.ncard.{0} Nat (@setOf.{0} Nat p)))
              (@LE.le.{0} Nat instLENat
                (@Set.ncard.{0} Nat
                  (@setOf.{0} Nat fun (i : Nat) =>
                    And (@Membership.mem.{0, 0} Nat (Set.{0} Nat) (@Set.instMembership.{0} Nat) A (ambient i))
                      (@LE.le.{0} Real Real.instLE (@Nat.cast.{0} Real Real.instNatCast (ambient i)) x)))
                (@Set.ncard.{0} Nat
                  (@setOf.{0} Nat fun (i : Nat) =>
                    @Membership.mem.{0, 0} Nat (Set.{0} Nat) (@Set.instMembership.{0} Nat) A (ambient i)))))
            (@ge_iff_le._simp_1.{0} Nat instLENat
              (@Set.ncard.{0} Nat
                (@setOf.{0} Nat fun (i : Nat) =>
                  @Membership.mem.{0, 0} Nat (Set.{0} Nat) (@Set.instMembership.{0} Nat) A (ambient i)))
              (@Set.ncard.{0} Nat
                (@setOf.{0} Nat fun (i : Nat) =>
                  And (@Membership.mem.{0, 0} Nat (Set.{0} Nat) (@Set.instMembership.{0} Nat) A (ambient i))
                    (@LE.le.{0} Real Real.instLE (@Nat.cast.{0} Real Real.instNatCast (ambient i)) x)))))
          (@Set.ncard_le_ncard.{0} Nat
            (@setOf.{0} Nat fun (i : Nat) =>
              And (@Membership.mem.{0, 0} Nat (Set.{0} Nat) (@Set.instMembership.{0} Nat) A (ambient i))
                (@LE.le.{0} Real Real.instLE (@Nat.cast.{0} Real Real.instNatCast (ambient i)) x))
            (@setOf.{0} Nat p) hsubset hpfin);
      have hloglog_tendsto :
        @Filter.Tendsto.{0, 0} Real Real (fun (x : Real) => Real.log (Real.log x))
          (@Filter.atTop.{0} Real Real.instPreorder) (@Filter.atTop.{0} Real Real.instPreorder) :=
        @Filter.Tendsto.comp.{0, 0, 0} Real Real Real Real.log Real.log (@Filter.atTop.{0} Real Real.instPreorder)
          (@Filter.atTop.{0} Real Real.instPreorder) (@Filter.atTop.{0} Real Real.instPreorder) Real.tendsto_log_atTop
          Real.tendsto_log_atTop;
      have htend_real :
        @Filter.Tendsto.{0, 0} Real Real
          (fun (x : Real) =>
            @HDiv.hDiv.{0, 0, 0} Real Real Real
              (@instHDiv.{0} Real (@DivInvMonoid.toDiv.{0} Real Real.instDivInvMonoid))
              (@Nat.cast.{0} Real Real.instNatCast (@Set.ncard.{0} Nat (@setOf.{0} Nat p))) (Real.log (Real.log x)))
          (@Filter.atTop.{0} Real Real.instPreorder)
          (@nhds.{0} Real
            (@UniformSpace.toTopologicalSpace.{0} Real
              (@PseudoMetricSpace.toUniformSpace.{0} Real Real.pseudoMetricSpace))
            (@OfNat.ofNat.{0} Real (nat_lit 0) (@Zero.toOfNat0.{0} Real Real.instZero))) :=
        @Filter.Tendsto.const_div_atTop.{0, 0} Real Real Real.instField Real.linearOrder Real.instIsStrictOrderedRing
          (@UniformSpace.toTopologicalSpace.{0} Real
            (@PseudoMetricSpace.toUniformSpace.{0} Real Real.pseudoMetricSpace))
          instOrderTopologyReal (@Filter.atTop.{0} Real Real.instPreorder) (fun (x : Real) => Real.log (Real.log x))
          hloglog_tendsto (@Nat.cast.{0} Real Real.instNatCast (@Set.ncard.{0} Nat (@setOf.{0} Nat p)));
      have htend_bound :
        @Filter.Tendsto.{0, 0} Real ENNReal
          (fun (x : Real) =>
            ENNReal.ofReal
              (@HDiv.hDiv.{0, 0, 0} Real Real Real
                (@instHDiv.{0} Real (@DivInvMonoid.toDiv.{0} Real Real.instDivInvMonoid))
                (@Nat.cast.{0} Real Real.instNatCast (@Set.ncard.{0} Nat (@setOf.{0} Nat p))) (Real.log (Real.log x))))
          (@Filter.atTop.{0} Real Real.instPreorder)
          (@nhds.{0} ENNReal ENNReal.instTopologicalSpace
            (@OfNat.ofNat.{0} ENNReal (nat_lit 0) (@Zero.toOfNat0.{0} ENNReal ENNReal.instZero))) :=
        @Eq.mp.{0}
          (@Filter.Tendsto.{0, 0} Real ENNReal
            (@Function.comp.{1, 1, 1} Real Real ENNReal ENNReal.ofReal fun (x : Real) =>
              @HDiv.hDiv.{0, 0, 0} Real Real Real
                (@instHDiv.{0} Real (@DivInvMonoid.toDiv.{0} Real Real.instDivInvMonoid))
                (@Nat.cast.{0} Real Real.instNatCast (@Set.ncard.{0} Nat (@setOf.{0} Nat p))) (Real.log (Real.log x)))
            (@Filter.atTop.{0} Real Real.instPreorder)
            (@nhds.{0} ENNReal ENNReal.instTopologicalSpace
              (ENNReal.ofReal (@OfNat.ofNat.{0} Real (nat_lit 0) (@Zero.toOfNat0.{0} Real Real.instZero)))))
          (@Filter.Tendsto.{0, 0} Real ENNReal
            (@Function.comp.{1, 1, 1} Real Real ENNReal ENNReal.ofReal fun (x : Real) =>
              @HDiv.hDiv.{0, 0, 0} Real Real Real
                (@instHDiv.{0} Real (@DivInvMonoid.toDiv.{0} Real Real.instDivInvMonoid))
                (@Nat.cast.{0} Real Real.instNatCast (@Set.ncard.{0} Nat (@setOf.{0} Nat p))) (Real.log (Real.log x)))
            (@Filter.atTop.{0} Real Real.instPreorder)
            (@nhds.{0} ENNReal ENNReal.instTopologicalSpace
              (@OfNat.ofNat.{0} ENNReal (nat_lit 0) (@Zero.toOfNat0.{0} ENNReal ENNReal.instZero))))
          (@congrArg.{1, 1} (Filter.{0} ENNReal) Prop
            (@nhds.{0} ENNReal ENNReal.instTopologicalSpace
              (ENNReal.ofReal (@OfNat.ofNat.{0} Real (nat_lit 0) (@Zero.toOfNat0.{0} Real Real.instZero))))
            (@nhds.{0} ENNReal ENNReal.instTopologicalSpace
              (@OfNat.ofNat.{0} ENNReal (nat_lit 0) (@Zero.toOfNat0.{0} ENNReal ENNReal.instZero)))
            (@Filter.Tendsto.{0, 0} Real ENNReal
              (@Function.comp.{1, 1, 1} Real Real ENNReal ENNReal.ofReal fun (x : Real) =>
                @HDiv.hDiv.{0, 0, 0} Real Real Real
                  (@instHDiv.{0} Real (@DivInvMonoid.toDiv.{0} Real Real.instDivInvMonoid))
                  (@Nat.cast.{0} Real Real.instNatCast (@Set.ncard.{0} Nat (@setOf.{0} Nat p))) (Real.log (Real.log x)))
              (@Filter.atTop.{0} Real Real.instPreorder))
            (@congrArg.{1, 1} ENNReal (Filter.{0} ENNReal)
              (ENNReal.ofReal (@OfNat.ofNat.{0} Real (nat_lit 0) (@Zero.toOfNat0.{0} Real Real.instZero)))
              (@OfNat.ofNat.{0} ENNReal (nat_lit 0) (@Zero.toOfNat0.{0} ENNReal ENNReal.instZero))
              (@nhds.{0} ENNReal ENNReal.instTopologicalSpace) ENNReal.ofReal_zero))
          (@Filter.Tendsto.comp.{0, 0, 0} Real Real ENNReal
            (fun (x : Real) =>
              @HDiv.hDiv.{0, 0, 0} Real Real Real
                (@instHDiv.{0} Real (@DivInvMonoid.toDiv.{0} Real Real.instDivInvMonoid))
                (@Nat.cast.{0} Real Real.instNatCast (@Set.ncard.{0} Nat (@setOf.{0} Nat p))) (Real.log (Real.log x)))
            ENNReal.ofReal (@Filter.atTop.{0} Real Real.instPreorder)
            (@nhds.{0} Real
              (@UniformSpace.toTopologicalSpace.{0} Real
                (@PseudoMetricSpace.toUniformSpace.{0} Real Real.pseudoMetricSpace))
              (@OfNat.ofNat.{0} Real (nat_lit 0) (@Zero.toOfNat0.{0} Real Real.instZero)))
            (@nhds.{0} ENNReal ENNReal.instTopologicalSpace
              (ENNReal.ofReal (@OfNat.ofNat.{0} Real (nat_lit 0) (@Zero.toOfNat0.{0} Real Real.instZero))))
            (@Continuous.tendsto.{0, 0} Real ENNReal
              (@UniformSpace.toTopologicalSpace.{0} Real
                (@PseudoMetricSpace.toUniformSpace.{0} Real Real.pseudoMetricSpace))
              ENNReal.instTopologicalSpace ENNReal.ofReal ENNReal.continuous_ofReal
              (@OfNat.ofNat.{0} Real (nat_lit 0) (@Zero.toOfNat0.{0} Real Real.instZero)))
            htend_real);
      have hlim_bound :
        @Eq.{1} ENNReal
          (@Filter.limsup.{0, 0} ENNReal Real
            (@ConditionallyCompleteLinearOrder.toConditionallyCompleteLattice.{0} ENNReal
              (@ConditionallyCompleteLinearOrderBot.toConditionallyCompleteLinearOrder.{0} ENNReal
                (@CompleteLinearOrder.toConditionallyCompleteLinearOrderBot.{0} ENNReal
                  ENNReal.instCompleteLinearOrder)))
            (fun (x : Real) =>
              ENNReal.ofReal
                (@HDiv.hDiv.{0, 0, 0} Real Real Real
                  (@instHDiv.{0} Real (@DivInvMonoid.toDiv.{0} Real Real.instDivInvMonoid))
                  (@Nat.cast.{0} Real Real.instNatCast (@Set.ncard.{0} Nat (@setOf.{0} Nat p)))
                  (Real.log (Real.log x))))
            (@Filter.atTop.{0} Real Real.instPreorder))
          (@OfNat.ofNat.{0} ENNReal (nat_lit 0) (@Zero.toOfNat0.{0} ENNReal ENNReal.instZero)) :=
        @Filter.Tendsto.limsup_eq.{0, 0} ENNReal Real
          (@ConditionallyCompleteLinearOrderBot.toConditionallyCompleteLinearOrder.{0} ENNReal
            (@CompleteLinearOrder.toConditionallyCompleteLinearOrderBot.{0} ENNReal ENNReal.instCompleteLinearOrder))
          ENNReal.instTopologicalSpace ENNReal.instOrderTopology (@Filter.atTop.{0} Real Real.instPreorder)
          (fun (x : Real) =>
            ENNReal.ofReal
              (@HDiv.hDiv.{0, 0, 0} Real Real Real
                (@instHDiv.{0} Real (@DivInvMonoid.toDiv.{0} Real Real.instDivInvMonoid))
                (@Nat.cast.{0} Real Real.instNatCast (@Set.ncard.{0} Nat (@setOf.{0} Nat p))) (Real.log (Real.log x))))
          (@OfNat.ofNat.{0} ENNReal (nat_lit 0) (@Zero.toOfNat0.{0} ENNReal ENNReal.instZero))
          (@Filter.atTop_neBot.{0} Real Real.instPreorder
            (@instIsDirectedOrder.{0} Real Real.semiring Real.partialOrder Real.instIsOrderedRing Real.instArchimedean)
            (@instNonemptyOfInhabited.{1} Real Real.instInhabited))
          htend_bound;
      have heventually_le :
        @Filter.Eventually.{0} Real
          (fun (x : Real) =>
            @LE.le.{0} ENNReal ENNReal.instLE
              (ENNReal.ofReal
                (@HDiv.hDiv.{0, 0, 0} Real Real Real
                  (@instHDiv.{0} Real (@DivInvMonoid.toDiv.{0} Real Real.instDivInvMonoid))
                  (@Nat.cast.{0} Real Real.instNatCast (chain_hits_count_up_to ambient A x)) (Real.log (Real.log x))))
              (ENNReal.ofReal
                (@HDiv.hDiv.{0, 0, 0} Real Real Real
                  (@instHDiv.{0} Real (@DivInvMonoid.toDiv.{0} Real Real.instDivInvMonoid))
                  (@Nat.cast.{0} Real Real.instNatCast (@Set.ncard.{0} Nat (@setOf.{0} Nat p)))
                  (Real.log (Real.log x)))))
          (@Filter.atTop.{0} Real Real.instPreorder) :=
        @Filter.mp_mem.{0} Real (@Filter.atTop.{0} Real Real.instPreorder)
          (@setOf.{0} Real fun (x : Real) =>
            (fun (x : Real) =>
                @LT.lt.{0} Real (@Preorder.toLT.{0} Real Real.instPreorder)
                  (Real.exp (@OfNat.ofNat.{0} Real (nat_lit 1) (@One.toOfNat1.{0} Real Real.instOne))) x)
              x)
          (@setOf.{0} Real fun (x : Real) =>
            (fun (x : Real) =>
                @LE.le.{0} ENNReal ENNReal.instLE
                  (ENNReal.ofReal
                    (@HDiv.hDiv.{0, 0, 0} Real Real Real
                      (@instHDiv.{0} Real (@DivInvMonoid.toDiv.{0} Real Real.instDivInvMonoid))
                      (@Nat.cast.{0} Real Real.instNatCast (chain_hits_count_up_to ambient A x))
                      (Real.log (Real.log x))))
                  (ENNReal.ofReal
                    (@HDiv.hDiv.{0, 0, 0} Real Real Real
                      (@instHDiv.{0} Real (@DivInvMonoid.toDiv.{0} Real Real.instDivInvMonoid))
                      (@Nat.cast.{0} Real Real.instNatCast (@Set.ncard.{0} Nat (@setOf.{0} Nat p)))
                      (Real.log (Real.log x)))))
              x)
          (@Filter.eventually_gt_atTop.{0} Real Real.instPreorder
            (@instNoTopOrderOfNoMaxOrder.{0} Real Real.instPreorder
              (@instNoMaxOrderOfNontrivial.{0} Real Real.instRing Real.partialOrder Real.instIsOrderedRing
                Real.instNontrivial))
            (Real.exp (@OfNat.ofNat.{0} Real (nat_lit 1) (@One.toOfNat1.{0} Real Real.instOne))))
          (@Filter.univ_mem'.{0} Real (@Filter.atTop.{0} Real Real.instPreorder)
            (@setOf.{0} Real fun (x : Real) =>
              @Membership.mem.{0, 0} Real (Set.{0} Real) (@Set.instMembership.{0} Real)
                  (@setOf.{0} Real fun (x : Real) =>
                    (fun (x : Real) =>
                        @LT.lt.{0} Real (@Preorder.toLT.{0} Real Real.instPreorder)
                          (Real.exp (@OfNat.ofNat.{0} Real (nat_lit 1) (@One.toOfNat1.{0} Real Real.instOne))) x)
                      x)
                  x →
                @Membership.mem.{0, 0} Real (Set.{0} Real) (@Set.instMembership.{0} Real)
                  (@setOf.{0} Real fun (x : Real) =>
                    (fun (x : Real) =>
                        @LE.le.{0} ENNReal ENNReal.instLE
                          (ENNReal.ofReal
                            (@HDiv.hDiv.{0, 0, 0} Real Real Real
                              (@instHDiv.{0} Real (@DivInvMonoid.toDiv.{0} Real Real.instDivInvMonoid))
                              (@Nat.cast.{0} Real Real.instNatCast (chain_hits_count_up_to ambient A x))
                              (Real.log (Real.log x))))
                          (ENNReal.ofReal
                            (@HDiv.hDiv.{0, 0, 0} Real Real Real
                              (@instHDiv.{0} Real (@DivInvMonoid.toDiv.{0} Real Real.instDivInvMonoid))
                              (@Nat.cast.{0} Real Real.instNatCast (@Set.ncard.{0} Nat (@setOf.{0} Nat p)))
                              (Real.log (Real.log x)))))
                      x)
                  x)
            (@id.{0}
              (∀ (a : Real),
                @Membership.mem.{0, 0} Real (Set.{0} Real) (@Set.instMembership.{0} Real)
                  (@setOf.{0} Real fun (x : Real) =>
                    @Membership.mem.{0, 0} Real (Set.{0} Real) (@Set.instMembership.{0} Real)
                        (@setOf.{0} Real fun (x : Real) =>
                          (fun (x : Real) =>
                              @LT.lt.{0} Real (@Preorder.toLT.{0} Real Real.instPreorder)
                                (Real.exp (@OfNat.ofNat.{0} Real (nat_lit 1) (@One.toOfNat1.{0} Real Real.instOne))) x)
                            x)
                        x →
                      @Membership.mem.{0, 0} Real (Set.{0} Real) (@Set.instMembership.{0} Real)
                        (@setOf.{0} Real fun (x : Real) =>
                          (fun (x : Real) =>
                              @LE.le.{0} ENNReal ENNReal.instLE
                                (ENNReal.ofReal
                                  (@HDiv.hDiv.{0, 0, 0} Real Real Real
                                    (@instHDiv.{0} Real (@DivInvMonoid.toDiv.{0} Real Real.instDivInvMonoid))
                                    (@Nat.cast.{0} Real Real.instNatCast (chain_hits_count_up_to ambient A x))
                                    (Real.log (Real.log x))))
                                (ENNReal.ofReal
                                  (@HDiv.hDiv.{0, 0, 0} Real Real Real
                                    (@instHDiv.{0} Real (@DivInvMonoid.toDiv.{0} Real Real.instDivInvMonoid))
                                    (@Nat.cast.{0} Real Real.instNatCast (@Set.ncard.{0} Nat (@setOf.{0} Nat p)))
                                    (Real.log (Real.log x)))))
                            x)
                        x)
                  a)
              fun (x : Real)
                (hx :
                  @LT.lt.{0} Real (@Preorder.toLT.{0} Real Real.instPreorder)
                    (Real.exp (@OfNat.ofNat.{0} Real (nat_lit 1) (@One.toOfNat1.{0} Real Real.instOne))) x) =>
              @ENNReal.ofReal_mono
                (@HDiv.hDiv.{0, 0, 0} Real Real Real
                  (@instHDiv.{0} Real (@DivInvMonoid.toDiv.{0} Real Real.instDivInvMonoid))
                  (@Nat.cast.{0} Real Real.instNatCast (chain_hits_count_up_to ambient A x)) (Real.log (Real.log x)))
                (@HDiv.hDiv.{0, 0, 0} Real Real Real
                  (@instHDiv.{0} Real (@DivInvMonoid.toDiv.{0} Real Real.instDivInvMonoid))
                  (@Nat.cast.{0} Real Real.instNatCast (@Set.ncard.{0} Nat (@setOf.{0} Nat p))) (Real.log (Real.log x)))
                (have hlog_gt_one :
                  @LT.lt.{0} Real Real.instLT (@OfNat.ofNat.{0} Real (nat_lit 1) (@One.toOfNat1.{0} Real Real.instOne))
                    (Real.log x) :=
                  @Eq.mp.{0}
                    (@LT.lt.{0} Real Real.instLT
                      (Real.log (Real.exp (@OfNat.ofNat.{0} Real (nat_lit 1) (@One.toOfNat1.{0} Real Real.instOne))))
                      (Real.log x))
                    (@LT.lt.{0} Real Real.instLT
                      (@OfNat.ofNat.{0} Real (nat_lit 1) (@One.toOfNat1.{0} Real Real.instOne)) (Real.log x))
                    (@congrFun'.{1, 1} Real Prop
                      (@LT.lt.{0} Real Real.instLT
                        (Real.log (Real.exp (@OfNat.ofNat.{0} Real (nat_lit 1) (@One.toOfNat1.{0} Real Real.instOne)))))
                      (@LT.lt.{0} Real Real.instLT
                        (@OfNat.ofNat.{0} Real (nat_lit 1) (@One.toOfNat1.{0} Real Real.instOne)))
                      (@congrArg.{1, 1} Real (Real → Prop)
                        (Real.log (Real.exp (@OfNat.ofNat.{0} Real (nat_lit 1) (@One.toOfNat1.{0} Real Real.instOne))))
                        (@OfNat.ofNat.{0} Real (nat_lit 1) (@One.toOfNat1.{0} Real Real.instOne))
                        (@LT.lt.{0} Real Real.instLT)
                        (Real.log_exp (@OfNat.ofNat.{0} Real (nat_lit 1) (@One.toOfNat1.{0} Real Real.instOne))))
                      (Real.log x))
                    (@Real.log_lt_log
                      (Real.exp (@OfNat.ofNat.{0} Real (nat_lit 1) (@One.toOfNat1.{0} Real Real.instOne))) x
                      (Real.exp_pos (@OfNat.ofNat.{0} Real (nat_lit 1) (@One.toOfNat1.{0} Real Real.instOne))) hx);
                have hden_pos :
                  @LT.lt.{0} Real Real.instLT
                    (@OfNat.ofNat.{0} Real (nat_lit 0) (@Zero.toOfNat0.{0} Real Real.instZero))
                    (Real.log (Real.log x)) :=
                  @Eq.mp.{0}
                    (@LT.lt.{0} Real Real.instLT
                      (Real.log (@OfNat.ofNat.{0} Real (nat_lit 1) (@One.toOfNat1.{0} Real Real.instOne)))
                      (Real.log (Real.log x)))
                    (@LT.lt.{0} Real Real.instLT
                      (@OfNat.ofNat.{0} Real (nat_lit 0) (@Zero.toOfNat0.{0} Real Real.instZero))
                      (Real.log (Real.log x)))
                    (@congrFun'.{1, 1} Real Prop
                      (@LT.lt.{0} Real Real.instLT
                        (Real.log (@OfNat.ofNat.{0} Real (nat_lit 1) (@One.toOfNat1.{0} Real Real.instOne))))
                      (@LT.lt.{0} Real Real.instLT
                        (@OfNat.ofNat.{0} Real (nat_lit 0) (@Zero.toOfNat0.{0} Real Real.instZero)))
                      (@congrArg.{1, 1} Real (Real → Prop)
                        (Real.log (@OfNat.ofNat.{0} Real (nat_lit 1) (@One.toOfNat1.{0} Real Real.instOne)))
                        (@OfNat.ofNat.{0} Real (nat_lit 0) (@Zero.toOfNat0.{0} Real Real.instZero))
                        (@LT.lt.{0} Real Real.instLT) Real.log_one)
                      (Real.log (Real.log x)))
                    (@Real.log_lt_log (@OfNat.ofNat.{0} Real (nat_lit 1) (@One.toOfNat1.{0} Real Real.instOne))
                      (Real.log x)
                      (have this :
                        @LT.lt.{0} Real Real.instLT
                          (@OfNat.ofNat.{0} Real (nat_lit 0) (@Zero.toOfNat0.{0} Real Real.instZero))
                          (@OfNat.ofNat.{0} Real (nat_lit 1) (@One.toOfNat1.{0} Real Real.instOne)) :=
                        @Mathlib.Meta.NormNum.isNat_lt_true.{0} Real Real.semiring Real.partialOrder
                          Real.instIsOrderedRing (@RCLike.charZero_rclike.{0} Real Real.instRCLike)
                          (@OfNat.ofNat.{0} Real (nat_lit 0) (@Zero.toOfNat0.{0} Real Real.instZero))
                          (@OfNat.ofNat.{0} Real (nat_lit 1) (@One.toOfNat1.{0} Real Real.instOne)) (nat_lit 0)
                          (nat_lit 1)
                          (@Mathlib.Meta.NormNum.isNat_ofNat.{0} Real
                            (@AddGroupWithOne.toAddMonoidWithOne.{0} Real
                              (@Ring.toAddGroupWithOne.{0} Real Real.instRing))
                            (@OfNat.ofNat.{0} Real (nat_lit 0) (@Zero.toOfNat0.{0} Real Real.instZero)) (nat_lit 0)
                            (@Nat.cast_zero.{0} Real
                              (@AddGroupWithOne.toAddMonoidWithOne.{0} Real
                                (@Ring.toAddGroupWithOne.{0} Real Real.instRing))))
                          (@Mathlib.Meta.NormNum.isNat_ofNat.{0} Real
                            (@AddGroupWithOne.toAddMonoidWithOne.{0} Real
                              (@Ring.toAddGroupWithOne.{0} Real Real.instRing))
                            (@OfNat.ofNat.{0} Real (nat_lit 1) (@One.toOfNat1.{0} Real Real.instOne)) (nat_lit 1)
                            (@Nat.cast_one.{0} Real
                              (@AddGroupWithOne.toAddMonoidWithOne.{0} Real
                                (@Ring.toAddGroupWithOne.{0} Real Real.instRing))))
                          (@Eq.refl.{1} Bool Bool.false);
                      this)
                      hlog_gt_one);
                @div_le_div_of_nonneg_right.{0} Real
                  (@DivisionSemiring.toGroupWithZero.{0} Real
                    (@Semifield.toDivisionSemiring.{0} Real (@Field.toSemifield.{0} Real Real.instField)))
                  Real.partialOrder
                  (@MulPosReflectLE.toMulPosReflectLT.{0} Real
                    (@NonUnitalNonAssocSemiring.toMulZeroClass.{0} Real
                      (@NonUnitalNonAssocRing.toNonUnitalNonAssocSemiring.{0} Real
                        (@NonUnitalNonAssocCommRing.toNonUnitalNonAssocRing.{0} Real
                          (@NonUnitalCommRing.toNonUnitalNonAssocCommRing.{0} Real
                            (@NonUnitalNormedCommRing.toNonUnitalCommRing.{0} Real
                              (@NormedCommRing.toNonUnitalNormedCommRing.{0} Real Real.normedCommRing))))))
                    Real.partialOrder
                    (@MulPosStrictMono.toMulPosReflectLE.{0} Real
                      (@MulZeroClass.toMul.{0} Real
                        (@NonUnitalNonAssocSemiring.toMulZeroClass.{0} Real
                          (@NonUnitalNonAssocRing.toNonUnitalNonAssocSemiring.{0} Real
                            (@NonUnitalNonAssocCommRing.toNonUnitalNonAssocRing.{0} Real
                              (@NonUnitalCommRing.toNonUnitalNonAssocCommRing.{0} Real
                                (@NonUnitalNormedCommRing.toNonUnitalCommRing.{0} Real
                                  (@NormedCommRing.toNonUnitalNormedCommRing.{0} Real Real.normedCommRing)))))))
                      (@MulZeroClass.toZero.{0} Real
                        (@NonUnitalNonAssocSemiring.toMulZeroClass.{0} Real
                          (@NonUnitalNonAssocRing.toNonUnitalNonAssocSemiring.{0} Real
                            (@NonUnitalNonAssocCommRing.toNonUnitalNonAssocRing.{0} Real
                              (@NonUnitalCommRing.toNonUnitalNonAssocCommRing.{0} Real
                                (@NonUnitalNormedCommRing.toNonUnitalCommRing.{0} Real
                                  (@NormedCommRing.toNonUnitalNormedCommRing.{0} Real Real.normedCommRing)))))))
                      Real.linearOrder
                      (@IsStrictOrderedRing.toMulPosStrictMono.{0} Real Real.semiring Real.partialOrder
                        Real.instIsStrictOrderedRing)))
                  (@Nat.cast.{0} Real Real.instNatCast (chain_hits_count_up_to ambient A x))
                  (@Nat.cast.{0} Real Real.instNatCast (@Set.ncard.{0} Nat (@setOf.{0} Nat p))) (Real.log (Real.log x))
                  (@cast.{0}
                    (@LE.le.{0} Nat instLENat (chain_hits_count_up_to ambient A x)
                      (@Set.ncard.{0} Nat (@setOf.{0} Nat p)))
                    (@LE.le.{0} Real (@Preorder.toLE.{0} Real (@PartialOrder.toPreorder.{0} Real Real.partialOrder))
                      (@Nat.cast.{0} Real
                        (@AddMonoidWithOne.toNatCast.{0} Real
                          (@AddGroupWithOne.toAddMonoidWithOne.{0} Real
                            (@Ring.toAddGroupWithOne.{0} Real Real.instRing)))
                        (chain_hits_count_up_to ambient A x))
                      (@Nat.cast.{0} Real
                        (@AddMonoidWithOne.toNatCast.{0} Real
                          (@AddGroupWithOne.toAddMonoidWithOne.{0} Real
                            (@Ring.toAddGroupWithOne.{0} Real Real.instRing)))
                        (@Set.ncard.{0} Nat (@setOf.{0} Nat p))))
                    (@Eq.symm.{1} Prop
                      (@LE.le.{0} Real (@Preorder.toLE.{0} Real (@PartialOrder.toPreorder.{0} Real Real.partialOrder))
                        (@Nat.cast.{0} Real
                          (@AddMonoidWithOne.toNatCast.{0} Real
                            (@AddGroupWithOne.toAddMonoidWithOne.{0} Real
                              (@Ring.toAddGroupWithOne.{0} Real Real.instRing)))
                          (chain_hits_count_up_to ambient A x))
                        (@Nat.cast.{0} Real
                          (@AddMonoidWithOne.toNatCast.{0} Real
                            (@AddGroupWithOne.toAddMonoidWithOne.{0} Real
                              (@Ring.toAddGroupWithOne.{0} Real Real.instRing)))
                          (@Set.ncard.{0} Nat (@setOf.{0} Nat p))))
                      (@LE.le.{0} Nat instLENat (chain_hits_count_up_to ambient A x)
                        (@Set.ncard.{0} Nat (@setOf.{0} Nat p)))
                      (@Nat.cast_le._simp_1.{0} Real
                        (@AddGroupWithOne.toAddMonoidWithOne.{0} Real (@Ring.toAddGroupWithOne.{0} Real Real.instRing))
                        Real.partialOrder
                        (@IsOrderedAddMonoid.toAddLeftMono.{0} Real Real.instAddCommMonoid Real.instPreorder
                          Real.instIsOrderedAddMonoid)
                        Real.instZeroLEOneClass (@RCLike.charZero_rclike.{0} Real Real.instRCLike)
                        (chain_hits_count_up_to ambient A x) (@Set.ncard.{0} Nat (@setOf.{0} Nat p))))
                    (hbound x))
                  (@le_of_lt.{0} Real Real.instPreorder
                    (@OfNat.ofNat.{0} Real (nat_lit 0)
                      (@Zero.toOfNat0.{0} Real
                        (@MulZeroClass.toZero.{0} Real
                          (@MulZeroOneClass.toMulZeroClass.{0} Real
                            (@MonoidWithZero.toMulZeroOneClass.{0} Real
                              (@GroupWithZero.toMonoidWithZero.{0} Real
                                (@DivisionSemiring.toGroupWithZero.{0} Real
                                  (@Semifield.toDivisionSemiring.{0} Real
                                    (@Field.toSemifield.{0} Real Real.instField)))))))))
                    (Real.log (Real.log x)) hden_pos))));
      have hhit_zero :
        @Eq.{1} ENNReal (upper_chain_hit_density ambient A)
          (@OfNat.ofNat.{0} ENNReal (nat_lit 0) (@Zero.toOfNat0.{0} ENNReal ENNReal.instZero)) :=
        @id.{0}
          (@Eq.{1} ENNReal (upper_chain_hit_density ambient A)
            (@OfNat.ofNat.{0} ENNReal (nat_lit 0) (@Zero.toOfNat0.{0} ENNReal ENNReal.instZero)))
          (@le_antisymm.{0} ENNReal ENNReal.instPartialOrder
            (@Filter.limsup.{0, 0} ENNReal Real
              (@ConditionallyCompleteLinearOrder.toConditionallyCompleteLattice.{0} ENNReal
                (@ConditionallyCompleteLinearOrderBot.toConditionallyCompleteLinearOrder.{0} ENNReal
                  (@CompleteLinearOrder.toConditionallyCompleteLinearOrderBot.{0} ENNReal
                    ENNReal.instCompleteLinearOrder)))
              (fun (x : Real) =>
                ENNReal.ofReal
                  (@HDiv.hDiv.{0, 0, 0} Real Real Real
                    (@instHDiv.{0} Real (@DivInvMonoid.toDiv.{0} Real Real.instDivInvMonoid))
                    (@Nat.cast.{0} Real Real.instNatCast (chain_hits_count_up_to ambient A x)) (Real.log (Real.log x))))
              (@Filter.atTop.{0} Real Real.instPreorder))
            (@OfNat.ofNat.{0} ENNReal (nat_lit 0) (@Zero.toOfNat0.{0} ENNReal ENNReal.instZero))
            (@LE.le.trans.{0} ENNReal (@PartialOrder.toPreorder.{0} ENNReal ENNReal.instPartialOrder)
              (@Filter.limsup.{0, 0} ENNReal Real
                (@ConditionallyCompleteLinearOrder.toConditionallyCompleteLattice.{0} ENNReal
                  (@ConditionallyCompleteLinearOrderBot.toConditionallyCompleteLinearOrder.{0} ENNReal
                    (@CompleteLinearOrder.toConditionallyCompleteLinearOrderBot.{0} ENNReal
                      ENNReal.instCompleteLinearOrder)))
                (fun (x : Real) =>
                  ENNReal.ofReal
                    (@HDiv.hDiv.{0, 0, 0} Real Real Real
                      (@instHDiv.{0} Real (@DivInvMonoid.toDiv.{0} Real Real.instDivInvMonoid))
                      (@Nat.cast.{0} Real Real.instNatCast (chain_hits_count_up_to ambient A x))
                      (Real.log (Real.log x))))
                (@Filter.atTop.{0} Real Real.instPreorder))
              (@Filter.limsup.{0, 0} ENNReal Real
                (@ConditionallyCompleteLinearOrder.toConditionallyCompleteLattice.{0} ENNReal
                  (@ConditionallyCompleteLinearOrderBot.toConditionallyCompleteLinearOrder.{0} ENNReal
                    (@CompleteLinearOrder.toConditionallyCompleteLinearOrderBot.{0} ENNReal
                      ENNReal.instCompleteLinearOrder)))
                (fun (x : Real) =>
                  ENNReal.ofReal
                    (@HDiv.hDiv.{0, 0, 0} Real Real Real
                      (@instHDiv.{0} Real (@DivInvMonoid.toDiv.{0} Real Real.instDivInvMonoid))
                      (@Nat.cast.{0} Real Real.instNatCast (@Set.ncard.{0} Nat (@setOf.{0} Nat p)))
                      (Real.log (Real.log x))))
                (@Filter.atTop.{0} Real Real.instPreorder))
              (@OfNat.ofNat.{0} ENNReal (nat_lit 0) (@Zero.toOfNat0.{0} ENNReal ENNReal.instZero))
              (@Filter.limsup_le_limsup.{0, 0} ENNReal Real
                (@ConditionallyCompleteLinearOrder.toConditionallyCompleteLattice.{0} ENNReal
                  (@ConditionallyCompleteLinearOrderBot.toConditionallyCompleteLinearOrder.{0} ENNReal
                    (@CompleteLinearOrder.toConditionallyCompleteLinearOrderBot.{0} ENNReal
                      ENNReal.instCompleteLinearOrder)))
                (@Filter.atTop.{0} Real Real.instPreorder)
                (fun (x : Real) =>
                  ENNReal.ofReal
                    (@HDiv.hDiv.{0, 0, 0} Real Real Real
                      (@instHDiv.{0} Real (@DivInvMonoid.toDiv.{0} Real Real.instDivInvMonoid))
                      (@Nat.cast.{0} Real Real.instNatCast (chain_hits_count_up_to ambient A x))
                      (Real.log (Real.log x))))
                (fun (x : Real) =>
                  ENNReal.ofReal
                    (@HDiv.hDiv.{0, 0, 0} Real Real Real
                      (@instHDiv.{0} Real (@DivInvMonoid.toDiv.{0} Real Real.instDivInvMonoid))
                      (@Nat.cast.{0} Real Real.instNatCast (@Set.ncard.{0} Nat (@setOf.{0} Nat p)))
                      (Real.log (Real.log x))))
                heventually_le
                (@Filter.isCobounded_le_of_bot.{0} ENNReal
                  (@Preorder.toLE.{0} ENNReal
                    (@PartialOrder.toPreorder.{0} ENNReal
                      (@ConditionallyCompletePartialOrderSup.toPartialOrder.{0} ENNReal
                        (@ConditionallyCompletePartialOrder.toConditionallyCompletePartialOrderSup.{0} ENNReal
                          (@ConditionallyCompleteLattice.toConditionallyCompletePartialOrder.{0} ENNReal
                            (@ConditionallyCompleteLinearOrder.toConditionallyCompleteLattice.{0} ENNReal
                              (@ConditionallyCompleteLinearOrderBot.toConditionallyCompleteLinearOrder.{0} ENNReal
                                (@CompleteLinearOrder.toConditionallyCompleteLinearOrderBot.{0} ENNReal
                                  ENNReal.instCompleteLinearOrder))))))))
                  ENNReal.instOrderBot
                  (@Filter.map.{0, 0} Real ENNReal
                    (fun (x : Real) =>
                      ENNReal.ofReal
                        (@HDiv.hDiv.{0, 0, 0} Real Real Real
                          (@instHDiv.{0} Real (@DivInvMonoid.toDiv.{0} Real Real.instDivInvMonoid))
                          (@Nat.cast.{0} Real Real.instNatCast (chain_hits_count_up_to ambient A x))
                          (Real.log (Real.log x))))
                    (@Filter.atTop.{0} Real Real.instPreorder)))
                (@Filter.isBounded_le_of_top.{0} ENNReal
                  (@Preorder.toLE.{0} ENNReal
                    (@PartialOrder.toPreorder.{0} ENNReal
                      (@ConditionallyCompletePartialOrderSup.toPartialOrder.{0} ENNReal
                        (@ConditionallyCompletePartialOrder.toConditionallyCompletePartialOrderSup.{0} ENNReal
                          (@ConditionallyCompleteLattice.toConditionallyCompletePartialOrder.{0} ENNReal
                            (@ConditionallyCompleteLinearOrder.toConditionallyCompleteLattice.{0} ENNReal
                              (@ConditionallyCompleteLinearOrderBot.toConditionallyCompleteLinearOrder.{0} ENNReal
                                (@CompleteLinearOrder.toConditionallyCompleteLinearOrderBot.{0} ENNReal
                                  ENNReal.instCompleteLinearOrder))))))))
                  ENNReal.instOrderTop
                  (@Filter.map.{0, 0} Real ENNReal
                    (fun (x : Real) =>
                      ENNReal.ofReal
                        (@HDiv.hDiv.{0, 0, 0} Real Real Real
                          (@instHDiv.{0} Real (@DivInvMonoid.toDiv.{0} Real Real.instDivInvMonoid))
                          (@Nat.cast.{0} Real Real.instNatCast (@Set.ncard.{0} Nat (@setOf.{0} Nat p)))
                          (Real.log (Real.log x))))
                    (@Filter.atTop.{0} Real Real.instPreorder))))
              (@le_of_eq.{0} ENNReal (@PartialOrder.toPreorder.{0} ENNReal ENNReal.instPartialOrder)
                (@Filter.limsup.{0, 0} ENNReal Real
                  (@ConditionallyCompleteLinearOrder.toConditionallyCompleteLattice.{0} ENNReal
                    (@ConditionallyCompleteLinearOrderBot.toConditionallyCompleteLinearOrder.{0} ENNReal
                      (@CompleteLinearOrder.toConditionallyCompleteLinearOrderBot.{0} ENNReal
                        ENNReal.instCompleteLinearOrder)))
                  (fun (x : Real) =>
                    ENNReal.ofReal
                      (@HDiv.hDiv.{0, 0, 0} Real Real Real
                        (@instHDiv.{0} Real (@DivInvMonoid.toDiv.{0} Real Real.instDivInvMonoid))
                        (@Nat.cast.{0} Real Real.instNatCast (@Set.ncard.{0} Nat (@setOf.{0} Nat p)))
                        (Real.log (Real.log x))))
                  (@Filter.atTop.{0} Real Real.instPreorder))
                (@OfNat.ofNat.{0} ENNReal (nat_lit 0) (@Zero.toOfNat0.{0} ENNReal ENNReal.instZero)) hlim_bound))
            (@bot_le.{0} ENNReal
              (@Preorder.toLE.{0} ENNReal (@PartialOrder.toPreorder.{0} ENNReal ENNReal.instPartialOrder))
              ENNReal.instOrderBot
              (@Filter.limsup.{0, 0} ENNReal Real
                (@ConditionallyCompleteLinearOrder.toConditionallyCompleteLattice.{0} ENNReal
                  (@ConditionallyCompleteLinearOrderBot.toConditionallyCompleteLinearOrder.{0} ENNReal
                    (@CompleteLinearOrder.toConditionallyCompleteLinearOrderBot.{0} ENNReal
                      ENNReal.instCompleteLinearOrder)))
                (fun (x : Real) =>
                  ENNReal.ofReal
                    (@HDiv.hDiv.{0, 0, 0} Real Real Real
                      (@instHDiv.{0} Real (@DivInvMonoid.toDiv.{0} Real Real.instDivInvMonoid))
                      (@Nat.cast.{0} Real Real.instNatCast (chain_hits_count_up_to ambient A x))
                      (Real.log (Real.log x))))
                (@Filter.atTop.{0} Real Real.instPreorder))));
      have hpos_enn :
        @LT.lt.{0} ENNReal (@Preorder.toLT.{0} ENNReal (@PartialOrder.toPreorder.{0} ENNReal ENNReal.instPartialOrder))
          (@OfNat.ofNat.{0} ENNReal (nat_lit 0) (@Zero.toOfNat0.{0} ENNReal ENNReal.instZero))
          (ENNReal.ofReal (upper_doubly_log_density A)) :=
        @Iff.mpr
          (@LT.lt.{0} ENNReal
            (@Preorder.toLT.{0} ENNReal (@PartialOrder.toPreorder.{0} ENNReal ENNReal.instPartialOrder))
            (@OfNat.ofNat.{0} ENNReal (nat_lit 0) (@Zero.toOfNat0.{0} ENNReal ENNReal.instZero))
            (ENNReal.ofReal (upper_doubly_log_density A)))
          (@LT.lt.{0} Real Real.instLT (@OfNat.ofNat.{0} Real (nat_lit 0) (@Zero.toOfNat0.{0} Real Real.instZero))
            (upper_doubly_log_density A))
          (@ENNReal.ofReal_pos (upper_doubly_log_density A)) hApos;
      have hle_zero :
        @LE.le.{0} ENNReal ENNReal.instLE (ENNReal.ofReal (upper_doubly_log_density A))
          (@OfNat.ofNat.{0} ENNReal (nat_lit 0) (@Zero.toOfNat0.{0} ENNReal ENNReal.instZero)) :=
        @Eq.mpr.{0}
          (@LE.le.{0} ENNReal ENNReal.instLE (ENNReal.ofReal (upper_doubly_log_density A))
            (@OfNat.ofNat.{0} ENNReal (nat_lit 0) (@Zero.toOfNat0.{0} ENNReal ENNReal.instZero)))
          (@LE.le.{0} Real Real.instLE (upper_doubly_log_density A)
            (@OfNat.ofNat.{0} Real (nat_lit 0) (@Zero.toOfNat0.{0} Real Real.instZero)))
          (@id.{0}
            (@Eq.{1} Prop
              (@LE.le.{0} ENNReal ENNReal.instLE (ENNReal.ofReal (upper_doubly_log_density A))
                (@OfNat.ofNat.{0} ENNReal (nat_lit 0) (@Zero.toOfNat0.{0} ENNReal ENNReal.instZero)))
              (@LE.le.{0} Real Real.instLE (upper_doubly_log_density A)
                (@OfNat.ofNat.{0} Real (nat_lit 0) (@Zero.toOfNat0.{0} Real Real.instZero))))
            (@Eq.trans.{1} Prop
              (@LE.le.{0} ENNReal
                (@Preorder.toLE.{0} ENNReal (@PartialOrder.toPreorder.{0} ENNReal ENNReal.instPartialOrder))
                (ENNReal.ofReal (upper_doubly_log_density A))
                (@OfNat.ofNat.{0} ENNReal (nat_lit 0)
                  (@Zero.toOfNat0.{0} ENNReal
                    (@AddZero.toZero.{0} ENNReal
                      (@AddZeroClass.toAddZero.{0} ENNReal
                        (@AddMonoid.toAddZeroClass.{0} ENNReal
                          (@AddMonoidWithOne.toAddMonoid.{0} ENNReal
                            (@AddCommMonoidWithOne.toAddMonoidWithOne.{0} ENNReal
                              ENNReal.instAddCommMonoidWithOne))))))))
              (@Eq.{1} ENNReal (ENNReal.ofReal (upper_doubly_log_density A))
                (@OfNat.ofNat.{0} ENNReal (nat_lit 0)
                  (@Zero.toOfNat0.{0} ENNReal
                    (@AddZero.toZero.{0} ENNReal
                      (@AddZeroClass.toAddZero.{0} ENNReal
                        (@AddMonoid.toAddZeroClass.{0} ENNReal
                          (@AddMonoidWithOne.toAddMonoid.{0} ENNReal
                            (@AddCommMonoidWithOne.toAddMonoidWithOne.{0} ENNReal
                              ENNReal.instAddCommMonoidWithOne))))))))
              (@LE.le.{0} Real Real.instLE (upper_doubly_log_density A)
                (@OfNat.ofNat.{0} Real (nat_lit 0) (@Zero.toOfNat0.{0} Real Real.instZero)))
              (@nonpos_iff_eq_zero._simp_1.{0} ENNReal
                (@AddMonoid.toAddZeroClass.{0} ENNReal
                  (@AddMonoidWithOne.toAddMonoid.{0} ENNReal
                    (@AddCommMonoidWithOne.toAddMonoidWithOne.{0} ENNReal ENNReal.instAddCommMonoidWithOne)))
                ENNReal.instPartialOrder ENNReal.instCanonicallyOrderedAdd
                (ENNReal.ofReal (upper_doubly_log_density A)))
              (@ENNReal.ofReal_eq_zero._simp_1 (upper_doubly_log_density A))))
          (@Eq.mp.{0} (chain_hits_density_at_least ambient A (upper_doubly_log_density A))
            (@LE.le.{0} Real Real.instLE (upper_doubly_log_density A)
              (@OfNat.ofNat.{0} Real (nat_lit 0) (@Zero.toOfNat0.{0} Real Real.instZero)))
            (@Eq.trans.{1} Prop
              (@LE.le.{0} ENNReal ENNReal.instLE (ENNReal.ofReal (upper_doubly_log_density A))
                (upper_chain_hit_density ambient A))
              (@Eq.{1} ENNReal (ENNReal.ofReal (upper_doubly_log_density A))
                (@OfNat.ofNat.{0} ENNReal (nat_lit 0)
                  (@Zero.toOfNat0.{0} ENNReal
                    (@AddZero.toZero.{0} ENNReal
                      (@AddZeroClass.toAddZero.{0} ENNReal
                        (@AddMonoid.toAddZeroClass.{0} ENNReal
                          (@AddMonoidWithOne.toAddMonoid.{0} ENNReal
                            (@AddCommMonoidWithOne.toAddMonoidWithOne.{0} ENNReal
                              ENNReal.instAddCommMonoidWithOne))))))))
              (@LE.le.{0} Real Real.instLE (upper_doubly_log_density A)
                (@OfNat.ofNat.{0} Real (nat_lit 0) (@Zero.toOfNat0.{0} Real Real.instZero)))
              (@Eq.trans.{1} Prop
                (@LE.le.{0} ENNReal ENNReal.instLE (ENNReal.ofReal (upper_doubly_log_density A))
                  (upper_chain_hit_density ambient A))
                (@LE.le.{0} ENNReal ENNReal.instLE (ENNReal.ofReal (upper_doubly_log_density A))
                  (@OfNat.ofNat.{0} ENNReal (nat_lit 0) (@Zero.toOfNat0.{0} ENNReal ENNReal.instZero)))
                (@Eq.{1} ENNReal (ENNReal.ofReal (upper_doubly_log_density A))
                  (@OfNat.ofNat.{0} ENNReal (nat_lit 0)
                    (@Zero.toOfNat0.{0} ENNReal
                      (@AddZero.toZero.{0} ENNReal
                        (@AddZeroClass.toAddZero.{0} ENNReal
                          (@AddMonoid.toAddZeroClass.{0} ENNReal
                            (@AddMonoidWithOne.toAddMonoid.{0} ENNReal
                              (@AddCommMonoidWithOne.toAddMonoidWithOne.{0} ENNReal
                                ENNReal.instAddCommMonoidWithOne))))))))
                (@congrArg.{1, 1} ENNReal Prop (upper_chain_hit_density ambient A)
                  (@OfNat.ofNat.{0} ENNReal (nat_lit 0) (@Zero.toOfNat0.{0} ENNReal ENNReal.instZero))
                  (@LE.le.{0} ENNReal ENNReal.instLE (ENNReal.ofReal (upper_doubly_log_density A))) hhit_zero)
                (@nonpos_iff_eq_zero._simp_1.{0} ENNReal
                  (@AddMonoid.toAddZeroClass.{0} ENNReal
                    (@AddMonoidWithOne.toAddMonoid.{0} ENNReal
                      (@AddCommMonoidWithOne.toAddMonoidWithOne.{0} ENNReal ENNReal.instAddCommMonoidWithOne)))
                  ENNReal.instPartialOrder ENNReal.instCanonicallyOrderedAdd
                  (ENNReal.ofReal (upper_doubly_log_density A))))
              (@ENNReal.ofReal_eq_zero._simp_1 (upper_doubly_log_density A)))
            hhit);
      @not_lt_of_ge.{0} ENNReal (@PartialOrder.toPreorder.{0} ENNReal ENNReal.instPartialOrder)
        (ENNReal.ofReal (upper_doubly_log_density A))
        (@OfNat.ofNat.{0} ENNReal (nat_lit 0) (@Zero.toOfNat0.{0} ENNReal ENNReal.instZero)) hle_zero hpos_enn;
  let e : ⋯ := Nat.nth p;
  let n : ⋯ := fun (k : Nat) => ambient (e k);
  have he_strict : ⋯ :=
    @id.{0} (@StrictMono.{0, 0} Nat Nat Nat.instPreorder Nat.instPreorder e) (@Nat.nth_strictMono p hpinf);
  have hdvd_le : ⋯ := fun {i j : Nat} (hij : @LE.le.{0} Nat instLENat i j) =>
    @Nat.le_induction i
      (fun (j : Nat) (x : @LE.le.{0} Nat instLENat i j) => @Dvd.dvd.{0} Nat Nat.instDvd (ambient i) (ambient j))
      (@dvd_rfl.{0} Nat Nat.instMonoid (ambient i))
      (fun (j : Nat) (x : @LE.le.{0} Nat instLENat i j)
          (ih :
            (fun (j : Nat) (x : @LE.le.{0} Nat instLENat i j) => @Dvd.dvd.{0} Nat Nat.instDvd (ambient i) (ambient j)) j
              x) =>
        @dvd_trans.{0} Nat Nat.instSemigroup (ambient i) (ambient j)
          (ambient
            (@HAdd.hAdd.{0, 0, 0} Nat Nat Nat (@instHAdd.{0} Nat instAddNat) j
              (@OfNat.ofNat.{0} Nat (nat_lit 1) (instOfNatNat (nat_lit 1)))))
          ih
          (@And.right (@StrictMono.{0, 0} Nat Nat Nat.instPreorder Nat.instPreorder ambient)
            (∀ (i : Nat),
              @Dvd.dvd.{0} Nat Nat.instDvd (ambient i)
                (ambient
                  (@HAdd.hAdd.{0, 0, 0} Nat Nat Nat (@instHAdd.{0} Nat instAddNat) i
                    (@OfNat.ofNat.{0} Nat (nat_lit 1) (instOfNatNat (nat_lit 1))))))
            hambient j))
      j hij;
  @Exists.intro.{1} (Nat → Nat)
    (fun (n : Nat → Nat) =>
      And (strictly_increasing_divisibility_chain n)
        (And (chain_in_set n A) (upper_chain_density_at_least n (upper_doubly_log_density A))))
    n
    (@And.intro (strictly_increasing_divisibility_chain n)
      (And (chain_in_set n A) (upper_chain_density_at_least n (upper_doubly_log_density A)))
      (@And.intro (@StrictMono.{0, 0} Nat Nat Nat.instPreorder Nat.instPreorder n)
        (∀ (i : Nat),
          @Dvd.dvd.{0} Nat Nat.instDvd (n i)
            (n
              (@HAdd.hAdd.{0, 0, 0} Nat Nat Nat (@instHAdd.{0} Nat instAddNat) i
                (@OfNat.ofNat.{0} Nat (nat_lit 1) (instOfNatNat (nat_lit 1))))))
        (@id.{0} (@StrictMono.{0, 0} Nat Nat Nat.instPreorder Nat.instPreorder n)
          (@StrictMono.comp.{0, 0, 0} Nat Nat Nat Nat.instPreorder Nat.instPreorder Nat.instPreorder ambient e
            (@And.left (@StrictMono.{0, 0} Nat Nat Nat.instPreorder Nat.instPreorder ambient)
              (∀ (i : Nat),
                @Dvd.dvd.{0} Nat Nat.instDvd (ambient i)
                  (ambient
                    (@HAdd.hAdd.{0, 0, 0} Nat Nat Nat (@instHAdd.{0} Nat instAddNat) i
                      (@OfNat.ofNat.{0} Nat (nat_lit 1) (instOfNatNat (nat_lit 1))))))
              hambient)
            he_strict))
        fun (i : Nat) =>
        @hdvd_le (e i)
          (e
            (@HAdd.hAdd.{0, 0, 0} Nat Nat Nat (@instHAdd.{0} Nat instAddNat) i
              (@OfNat.ofNat.{0} Nat (nat_lit 1) (instOfNatNat (nat_lit 1)))))
          (@le_of_lt.{0} Nat Nat.instPreorder (e i)
            (e
              (@HAdd.hAdd.{0, 0, 0} Nat Nat Nat (@instHAdd.{0} Nat instAddNat) i
                (@OfNat.ofNat.{0} Nat (nat_lit 1) (instOfNatNat (nat_lit 1)))))
            (@he_strict i
              (@HAdd.hAdd.{0, 0, 0} Nat Nat Nat (@instHAdd.{0} Nat instAddNat) i
                (@OfNat.ofNat.{0} Nat (nat_lit 1) (instOfNatNat (nat_lit 1))))
              (Nat.lt_succ_self i))))
      (@And.intro (chain_in_set n A) (upper_chain_density_at_least n (upper_doubly_log_density A))
        (fun (i : Nat) =>
          @id.{0} (@Membership.mem.{0, 0} Nat (Set.{0} Nat) (@Set.instMembership.{0} Nat) A (n i))
            (@Nat.nth_mem_of_infinite p hpinf i))
        (have hcount : ⋯ := fun (x : Real) =>
          have himage :
            @Eq.{1} (Set.{0} Nat)
              (@Set.image.{0, 0} Nat Nat e
                (@setOf.{0} Nat fun (k : Nat) =>
                  @LE.le.{0} Real Real.instLE (@Nat.cast.{0} Real Real.instNatCast (ambient (e k))) x))
              (@setOf.{0} Nat fun (i : Nat) =>
                And (p i) (@LE.le.{0} Real Real.instLE (@Nat.cast.{0} Real Real.instNatCast (ambient i)) x)) :=
            @Set.ext.{0} Nat
              (@Set.image.{0, 0} Nat Nat e
                (@setOf.{0} Nat fun (k : Nat) =>
                  @LE.le.{0} Real Real.instLE (@Nat.cast.{0} Real Real.instNatCast (ambient (e k))) x))
              (@setOf.{0} Nat fun (i : Nat) =>
                And (p i) (@LE.le.{0} Real Real.instLE (@Nat.cast.{0} Real Real.instNatCast (ambient i)) x))
              fun (i : Nat) =>
              @Iff.intro
                (@Membership.mem.{0, 0} Nat (Set.{0} Nat) (@Set.instMembership.{0} Nat)
                  (@Set.image.{0, 0} Nat Nat e
                    (@setOf.{0} Nat fun (k : Nat) =>
                      @LE.le.{0} Real Real.instLE (@Nat.cast.{0} Real Real.instNatCast (ambient (e k))) x))
                  i)
                (@Membership.mem.{0, 0} Nat (Set.{0} Nat) (@Set.instMembership.{0} Nat)
                  (@setOf.{0} Nat fun (i : Nat) =>
                    And (p i) (@LE.le.{0} Real Real.instLE (@Nat.cast.{0} Real Real.instNatCast (ambient i)) x))
                  i)
                (fun
                    (a :
                      @Membership.mem.{0, 0} Nat (Set.{0} Nat) (@Set.instMembership.{0} Nat)
                        (@Set.image.{0, 0} Nat Nat e
                          (@setOf.{0} Nat fun (k : Nat) =>
                            @LE.le.{0} Real Real.instLE (@Nat.cast.{0} Real Real.instNatCast (ambient (e k))) x))
                        i) =>
                  @Exists.casesOn.{1} Nat
                    (fun (a : Nat) =>
                      And
                        (@Membership.mem.{0, 0} Nat (Set.{0} Nat) (@Set.instMembership.{0} Nat)
                          (@setOf.{0} Nat fun (k : Nat) =>
                            @LE.le.{0} Real Real.instLE (@Nat.cast.{0} Real Real.instNatCast (ambient (e k))) x)
                          a)
                        (@Eq.{1} Nat (e a) i))
                    (fun
                        (x_1 :
                          @Membership.mem.{0, 0} Nat (Set.{0} Nat) (@Set.instMembership.{0} Nat)
                            (@Set.image.{0, 0} Nat Nat e
                              (@setOf.{0} Nat fun (k : Nat) =>
                                @LE.le.{0} Real Real.instLE (@Nat.cast.{0} Real Real.instNatCast (ambient (e k))) x))
                            i) =>
                      @Membership.mem.{0, 0} Nat (Set.{0} Nat) (@Set.instMembership.{0} Nat)
                        (@setOf.{0} Nat fun (i : Nat) =>
                          And (p i) (@LE.le.{0} Real Real.instLE (@Nat.cast.{0} Real Real.instNatCast (ambient i)) x))
                        i)
                    a
                    fun (k : Nat)
                      (h :
                        And
                          (@Membership.mem.{0, 0} Nat (Set.{0} Nat) (@Set.instMembership.{0} Nat)
                            (@setOf.{0} Nat fun (k : Nat) =>
                              @LE.le.{0} Real Real.instLE (@Nat.cast.{0} Real Real.instNatCast (ambient (e k))) x)
                            k)
                          (@Eq.{1} Nat (e k) i)) =>
                    @And.casesOn.{0}
                      (@Membership.mem.{0, 0} Nat (Set.{0} Nat) (@Set.instMembership.{0} Nat)
                        (@setOf.{0} Nat fun (k : Nat) =>
                          @LE.le.{0} Real Real.instLE (@Nat.cast.{0} Real Real.instNatCast (ambient (e k))) x)
                        k)
                      (@Eq.{1} Nat (e k) i)
                      (fun
                          (x_1 :
                            And
                              (@Membership.mem.{0, 0} Nat (Set.{0} Nat) (@Set.instMembership.{0} Nat)
                                (@setOf.{0} Nat fun (k : Nat) =>
                                  @LE.le.{0} Real Real.instLE (@Nat.cast.{0} Real Real.instNatCast (ambient (e k))) x)
                                k)
                              (@Eq.{1} Nat (e k) i)) =>
                        @Membership.mem.{0, 0} Nat (Set.{0} Nat) (@Set.instMembership.{0} Nat)
                          (@setOf.{0} Nat fun (i : Nat) =>
                            And (p i) (@LE.le.{0} Real Real.instLE (@Nat.cast.{0} Real Real.instNatCast (ambient i)) x))
                          i)
                      h
                      fun
                        (hk :
                          @Membership.mem.{0, 0} Nat (Set.{0} Nat) (@Set.instMembership.{0} Nat)
                            (@setOf.{0} Nat fun (k : Nat) =>
                              @LE.le.{0} Real Real.instLE (@Nat.cast.{0} Real Real.instNatCast (ambient (e k))) x)
                            k)
                        (right : @Eq.{1} Nat (e k) i) =>
                      @Eq.ndrec.{0, 1} Nat (e k)
                        (fun (i : Nat) =>
                          @Membership.mem.{0, 0} Nat (Set.{0} Nat) (@Set.instMembership.{0} Nat)
                            (@setOf.{0} Nat fun (i : Nat) =>
                              And (p i)
                                (@LE.le.{0} Real Real.instLE (@Nat.cast.{0} Real Real.instNatCast (ambient i)) x))
                            i)
                        (@And.intro (p (e k))
                          (@LE.le.{0} Real Real.instLE (@Nat.cast.{0} Real Real.instNatCast (ambient (e k))) x)
                          (@id.{0} (p (e k)) (@Nat.nth_mem_of_infinite p hpinf k)) hk)
                        i right)
                fun
                  (hi :
                    @Membership.mem.{0, 0} Nat (Set.{0} Nat) (@Set.instMembership.{0} Nat)
                      (@setOf.{0} Nat fun (i : Nat) =>
                        And (p i) (@LE.le.{0} Real Real.instLE (@Nat.cast.{0} Real Real.instNatCast (ambient i)) x))
                      i) =>
                have hi_range :
                  @Membership.mem.{0, 0} Nat (Set.{0} Nat) (@Set.instMembership.{0} Nat) (@Set.range.{0, 1} Nat Nat e)
                    i :=
                  @id.{0}
                    (@Membership.mem.{0, 0} Nat (Set.{0} Nat) (@Set.instMembership.{0} Nat)
                      (@Set.range.{0, 1} Nat Nat e) i)
                    (@Eq.mpr.{0}
                      (@Membership.mem.{0, 0} Nat (Set.{0} Nat) (@Set.instMembership.{0} Nat)
                        (@Set.range.{0, 1} Nat Nat (Nat.nth p)) i)
                      (@Membership.mem.{0, 0} Nat (Set.{0} Nat) (@Set.instMembership.{0} Nat) (@setOf.{0} Nat p) i)
                      (@id.{0}
                        (@Eq.{1} Prop
                          (@Membership.mem.{0, 0} Nat (Set.{0} Nat) (@Set.instMembership.{0} Nat)
                            (@Set.range.{0, 1} Nat Nat (Nat.nth p)) i)
                          (@Membership.mem.{0, 0} Nat (Set.{0} Nat) (@Set.instMembership.{0} Nat) (@setOf.{0} Nat p) i))
                        (@congrArg.{1, 1} (Set.{0} Nat) Prop (@Set.range.{0, 1} Nat Nat (Nat.nth p)) (@setOf.{0} Nat p)
                          (fun (_a : Set.{0} Nat) =>
                            @Membership.mem.{0, 0} Nat (Set.{0} Nat) (@Set.instMembership.{0} Nat) _a i)
                          (@Nat.range_nth_of_infinite p hpinf)))
                      (@And.left (p i) (@LE.le.{0} Real Real.instLE (@Nat.cast.{0} Real Real.instNatCast (ambient i)) x)
                        hi));
                @Exists.casesOn.{1} Nat (fun (y : Nat) => @Eq.{1} Nat (e y) i)
                  (fun
                      (x_1 :
                        @Membership.mem.{0, 0} Nat (Set.{0} Nat) (@Set.instMembership.{0} Nat)
                          (@Set.range.{0, 1} Nat Nat e) i) =>
                    @Membership.mem.{0, 0} Nat (Set.{0} Nat) (@Set.instMembership.{0} Nat)
                      (@Set.image.{0, 0} Nat Nat e
                        (@setOf.{0} Nat fun (k : Nat) =>
                          @LE.le.{0} Real Real.instLE (@Nat.cast.{0} Real Real.instNatCast (ambient (e k))) x))
                      i)
                  hi_range fun (k : Nat) (h : @Eq.{1} Nat (e k) i) =>
                  @Eq.ndrec.{0, 1} Nat (e k)
                    (fun (i : Nat) =>
                      ∀
                        (hi :
                          @Membership.mem.{0, 0} Nat (Set.{0} Nat) (@Set.instMembership.{0} Nat)
                            (@setOf.{0} Nat fun (i : Nat) =>
                              And (p i)
                                (@LE.le.{0} Real Real.instLE (@Nat.cast.{0} Real Real.instNatCast (ambient i)) x))
                            i),
                        @Membership.mem.{0, 0} Nat (Set.{0} Nat) (@Set.instMembership.{0} Nat)
                          (@Set.image.{0, 0} Nat Nat e
                            (@setOf.{0} Nat fun (k : Nat) =>
                              @LE.le.{0} Real Real.instLE (@Nat.cast.{0} Real Real.instNatCast (ambient (e k))) x))
                          i)
                    (fun
                        (hi :
                          @Membership.mem.{0, 0} Nat (Set.{0} Nat) (@Set.instMembership.{0} Nat)
                            (@setOf.{0} Nat fun (i : Nat) =>
                              And (p i)
                                (@LE.le.{0} Real Real.instLE (@Nat.cast.{0} Real Real.instNatCast (ambient i)) x))
                            (e k)) =>
                      @Exists.intro.{1} Nat
                        (fun (a : Nat) =>
                          And
                            (@Membership.mem.{0, 0} Nat (Set.{0} Nat) (@Set.instMembership.{0} Nat)
                              (@setOf.{0} Nat fun (k : Nat) =>
                                @LE.le.{0} Real Real.instLE (@Nat.cast.{0} Real Real.instNatCast (ambient (e k))) x)
                              a)
                            (@Eq.{1} Nat (e a) (e k)))
                        k
                        (@And.intro
                          (@Membership.mem.{0, 0} Nat (Set.{0} Nat) (@Set.instMembership.{0} Nat)
                            (@setOf.{0} Nat fun (k : Nat) =>
                              @LE.le.{0} Real Real.instLE (@Nat.cast.{0} Real Real.instNatCast (ambient (e k))) x)
                            k)
                          (@Eq.{1} Nat (e k) (e k))
                          (@And.right (p (e k))
                            (@LE.le.{0} Real Real.instLE (@Nat.cast.{0} Real Real.instNatCast (ambient (e k))) x) hi)
                          (@rfl.{1} Nat (e k))))
                    i h hi;
          have hinj : @Function.Injective.{1, 1} Nat Nat e :=
            @id.{0} (@Function.Injective.{1, 1} Nat Nat e) (@Nat.nth_injective p hpinf);
          have hncard :
            @Eq.{1} Nat
              (@Set.ncard.{0} Nat
                (@setOf.{0} Nat fun (k : Nat) =>
                  @LE.le.{0} Real Real.instLE (@Nat.cast.{0} Real Real.instNatCast (ambient (e k))) x))
              (@Set.ncard.{0} Nat
                (@setOf.{0} Nat fun (i : Nat) =>
                  And (p i) (@LE.le.{0} Real Real.instLE (@Nat.cast.{0} Real Real.instNatCast (ambient i)) x))) :=
            @Eq.mpr.{0}
              (@Eq.{1} Nat
                (@Set.ncard.{0} Nat
                  (@setOf.{0} Nat fun (k : Nat) =>
                    @LE.le.{0} Real Real.instLE (@Nat.cast.{0} Real Real.instNatCast (ambient (e k))) x))
                (@Set.ncard.{0} Nat
                  (@setOf.{0} Nat fun (i : Nat) =>
                    And (p i) (@LE.le.{0} Real Real.instLE (@Nat.cast.{0} Real Real.instNatCast (ambient i)) x))))
              (@Eq.{1} Nat
                (@Set.ncard.{0} Nat
                  (@setOf.{0} Nat fun (k : Nat) =>
                    @LE.le.{0} Real Real.instLE (@Nat.cast.{0} Real Real.instNatCast (ambient (e k))) x))
                (@Set.ncard.{0} Nat
                  (@Set.image.{0, 0} Nat Nat e
                    (@setOf.{0} Nat fun (k : Nat) =>
                      @LE.le.{0} Real Real.instLE (@Nat.cast.{0} Real Real.instNatCast (ambient (e k))) x))))
              (@id.{0}
                (@Eq.{1} Prop
                  (@Eq.{1} Nat
                    (@Set.ncard.{0} Nat
                      (@setOf.{0} Nat fun (k : Nat) =>
                        @LE.le.{0} Real Real.instLE (@Nat.cast.{0} Real Real.instNatCast (ambient (e k))) x))
                    (@Set.ncard.{0} Nat
                      (@setOf.{0} Nat fun (i : Nat) =>
                        And (p i) (@LE.le.{0} Real Real.instLE (@Nat.cast.{0} Real Real.instNatCast (ambient i)) x))))
                  (@Eq.{1} Nat
                    (@Set.ncard.{0} Nat
                      (@setOf.{0} Nat fun (k : Nat) =>
                        @LE.le.{0} Real Real.instLE (@Nat.cast.{0} Real Real.instNatCast (ambient (e k))) x))
                    (@Set.ncard.{0} Nat
                      (@Set.image.{0, 0} Nat Nat e
                        (@setOf.{0} Nat fun (k : Nat) =>
                          @LE.le.{0} Real Real.instLE (@Nat.cast.{0} Real Real.instNatCast (ambient (e k))) x)))))
                (@congrArg.{1, 1} (Set.{0} Nat) Prop
                  (@setOf.{0} Nat fun (i : Nat) =>
                    And (p i) (@LE.le.{0} Real Real.instLE (@Nat.cast.{0} Real Real.instNatCast (ambient i)) x))
                  (@Set.image.{0, 0} Nat Nat e
                    (@setOf.{0} Nat fun (k : Nat) =>
                      @LE.le.{0} Real Real.instLE (@Nat.cast.{0} Real Real.instNatCast (ambient (e k))) x))
                  (fun (_a : Set.{0} Nat) =>
                    @Eq.{1} Nat
                      (@Set.ncard.{0} Nat
                        (@setOf.{0} Nat fun (k : Nat) =>
                          @LE.le.{0} Real Real.instLE (@Nat.cast.{0} Real Real.instNatCast (ambient (e k))) x))
                      (@Set.ncard.{0} Nat _a))
                  (@Eq.symm.{1} (Set.{0} Nat)
                    (@Set.image.{0, 0} Nat Nat e
                      (@setOf.{0} Nat fun (k : Nat) =>
                        @LE.le.{0} Real Real.instLE (@Nat.cast.{0} Real Real.instNatCast (ambient (e k))) x))
                    (@setOf.{0} Nat fun (i : Nat) =>
                      And (p i) (@LE.le.{0} Real Real.instLE (@Nat.cast.{0} Real Real.instNatCast (ambient i)) x))
                    himage)))
              (@Eq.mpr.{0}
                (@Eq.{1} Nat
                  (@Set.ncard.{0} Nat
                    (@setOf.{0} Nat fun (k : Nat) =>
                      @LE.le.{0} Real Real.instLE (@Nat.cast.{0} Real Real.instNatCast (ambient (e k))) x))
                  (@Set.ncard.{0} Nat
                    (@Set.image.{0, 0} Nat Nat e
                      (@setOf.{0} Nat fun (k : Nat) =>
                        @LE.le.{0} Real Real.instLE (@Nat.cast.{0} Real Real.instNatCast (ambient (e k))) x))))
                (@Eq.{1} Nat
                  (@Set.ncard.{0} Nat
                    (@setOf.{0} Nat fun (k : Nat) =>
                      @LE.le.{0} Real Real.instLE (@Nat.cast.{0} Real Real.instNatCast (ambient (e k))) x))
                  (@Set.ncard.{0} Nat
                    (@setOf.{0} Nat fun (k : Nat) =>
                      @LE.le.{0} Real Real.instLE (@Nat.cast.{0} Real Real.instNatCast (ambient (e k))) x)))
                (@id.{0}
                  (@Eq.{1} Prop
                    (@Eq.{1} Nat
                      (@Set.ncard.{0} Nat
                        (@setOf.{0} Nat fun (k : Nat) =>
                          @LE.le.{0} Real Real.instLE (@Nat.cast.{0} Real Real.instNatCast (ambient (e k))) x))
                      (@Set.ncard.{0} Nat
                        (@Set.image.{0, 0} Nat Nat e
                          (@setOf.{0} Nat fun (k : Nat) =>
                            @LE.le.{0} Real Real.instLE (@Nat.cast.{0} Real Real.instNatCast (ambient (e k))) x))))
                    (@Eq.{1} Nat
                      (@Set.ncard.{0} Nat
                        (@setOf.{0} Nat fun (k : Nat) =>
                          @LE.le.{0} Real Real.instLE (@Nat.cast.{0} Real Real.instNatCast (ambient (e k))) x))
                      (@Set.ncard.{0} Nat
                        (@setOf.{0} Nat fun (k : Nat) =>
                          @LE.le.{0} Real Real.instLE (@Nat.cast.{0} Real Real.instNatCast (ambient (e k))) x))))
                  (@congrArg.{1, 1} Nat Prop
                    (@Set.ncard.{0} Nat
                      (@Set.image.{0, 0} Nat Nat e
                        (@setOf.{0} Nat fun (k : Nat) =>
                          @LE.le.{0} Real Real.instLE (@Nat.cast.{0} Real Real.instNatCast (ambient (e k))) x)))
                    (@Set.ncard.{0} Nat
                      (@setOf.{0} Nat fun (k : Nat) =>
                        @LE.le.{0} Real Real.instLE (@Nat.cast.{0} Real Real.instNatCast (ambient (e k))) x))
                    (fun (_a : Nat) =>
                      @Eq.{1} Nat
                        (@Set.ncard.{0} Nat
                          (@setOf.{0} Nat fun (k : Nat) =>
                            @LE.le.{0} Real Real.instLE (@Nat.cast.{0} Real Real.instNatCast (ambient (e k))) x))
                        _a)
                    (@Set.ncard_image_of_injective.{0, 0} Nat Nat e
                      (@setOf.{0} Nat fun (k : Nat) =>
                        @LE.le.{0} Real Real.instLE (@Nat.cast.{0} Real Real.instNatCast (ambient (e k))) x)
                      hinj)))
                (@Eq.refl.{1} Nat
                  (@Set.ncard.{0} Nat
                    (@setOf.{0} Nat fun (k : Nat) =>
                      @LE.le.{0} Real Real.instLE (@Nat.cast.{0} Real Real.instNatCast (ambient (e k))) x))));
          @id.{0} (@Eq.{1} Nat (chain_count_up_to n x) (chain_hits_count_up_to ambient A x)) hncard;
        have hdensity : ⋯ :=
          @of_eq_true
            (@Eq.{1} ENNReal (upper_chain_density n)
              (@Filter.limsup.{0, 0} ENNReal Real
                (@ConditionallyCompleteLinearOrder.toConditionallyCompleteLattice.{0} ENNReal
                  (@ConditionallyCompleteLinearOrderBot.toConditionallyCompleteLinearOrder.{0} ENNReal
                    (@CompleteLinearOrder.toConditionallyCompleteLinearOrderBot.{0} ENNReal
                      ENNReal.instCompleteLinearOrder)))
                (fun (x : Real) =>
                  ENNReal.ofReal
                    (@HDiv.hDiv.{0, 0, 0} Real Real Real
                      (@instHDiv.{0} Real (@DivInvMonoid.toDiv.{0} Real Real.instDivInvMonoid))
                      (@Nat.cast.{0} Real Real.instNatCast (chain_hits_count_up_to ambient A x))
                      (Real.log (Real.log x))))
                (@Filter.atTop.{0} Real Real.instPreorder)))
            (@Eq.trans.{1} Prop
              (@Eq.{1} ENNReal (upper_chain_density n)
                (@Filter.limsup.{0, 0} ENNReal Real
                  (@ConditionallyCompleteLinearOrder.toConditionallyCompleteLattice.{0} ENNReal
                    (@ConditionallyCompleteLinearOrderBot.toConditionallyCompleteLinearOrder.{0} ENNReal
                      (@CompleteLinearOrder.toConditionallyCompleteLinearOrderBot.{0} ENNReal
                        ENNReal.instCompleteLinearOrder)))
                  (fun (x : Real) =>
                    ENNReal.ofReal
                      (@HDiv.hDiv.{0, 0, 0} Real Real Real
                        (@instHDiv.{0} Real (@DivInvMonoid.toDiv.{0} Real Real.instDivInvMonoid))
                        (@Nat.cast.{0} Real Real.instNatCast (chain_hits_count_up_to ambient A x))
                        (Real.log (Real.log x))))
                  (@Filter.atTop.{0} Real Real.instPreorder)))
              (@Eq.{1} ENNReal
                (@Filter.limsup.{0, 0} ENNReal Real
                  (@ConditionallyCompleteLinearOrder.toConditionallyCompleteLattice.{0} ENNReal
                    (@ConditionallyCompleteLinearOrderBot.toConditionallyCompleteLinearOrder.{0} ENNReal
                      (@CompleteLinearOrder.toConditionallyCompleteLinearOrderBot.{0} ENNReal
                        ENNReal.instCompleteLinearOrder)))
                  (fun (x : Real) =>
                    ENNReal.ofReal
                      (@HDiv.hDiv.{0, 0, 0} Real Real Real
                        (@instHDiv.{0} Real (@DivInvMonoid.toDiv.{0} Real Real.instDivInvMonoid))
                        (@Nat.cast.{0} Real Real.instNatCast (chain_hits_count_up_to ambient A x))
                        (Real.log (Real.log x))))
                  (@Filter.atTop.{0} Real Real.instPreorder))
                (@Filter.limsup.{0, 0} ENNReal Real
                  (@ConditionallyCompleteLinearOrder.toConditionallyCompleteLattice.{0} ENNReal
                    (@ConditionallyCompleteLinearOrderBot.toConditionallyCompleteLinearOrder.{0} ENNReal
                      (@CompleteLinearOrder.toConditionallyCompleteLinearOrderBot.{0} ENNReal
                        ENNReal.instCompleteLinearOrder)))
                  (fun (x : Real) =>
                    ENNReal.ofReal
                      (@HDiv.hDiv.{0, 0, 0} Real Real Real
                        (@instHDiv.{0} Real (@DivInvMonoid.toDiv.{0} Real Real.instDivInvMonoid))
                        (@Nat.cast.{0} Real Real.instNatCast (chain_hits_count_up_to ambient A x))
                        (Real.log (Real.log x))))
                  (@Filter.atTop.{0} Real Real.instPreorder)))
              True
              (@congrFun'.{1, 1} ENNReal Prop (@Eq.{1} ENNReal (upper_chain_density n))
                (@Eq.{1} ENNReal
                  (@Filter.limsup.{0, 0} ENNReal Real
                    (@ConditionallyCompleteLinearOrder.toConditionallyCompleteLattice.{0} ENNReal
                      (@ConditionallyCompleteLinearOrderBot.toConditionallyCompleteLinearOrder.{0} ENNReal
                        (@CompleteLinearOrder.toConditionallyCompleteLinearOrderBot.{0} ENNReal
                          ENNReal.instCompleteLinearOrder)))
                    (fun (x : Real) =>
                      ENNReal.ofReal
                        (@HDiv.hDiv.{0, 0, 0} Real Real Real
                          (@instHDiv.{0} Real (@DivInvMonoid.toDiv.{0} Real Real.instDivInvMonoid))
                          (@Nat.cast.{0} Real Real.instNatCast (chain_hits_count_up_to ambient A x))
                          (Real.log (Real.log x))))
                    (@Filter.atTop.{0} Real Real.instPreorder)))
                (@congrArg.{1, 1} ENNReal (ENNReal → Prop) (upper_chain_density n)
                  (@Filter.limsup.{0, 0} ENNReal Real
                    (@ConditionallyCompleteLinearOrder.toConditionallyCompleteLattice.{0} ENNReal
                      (@ConditionallyCompleteLinearOrderBot.toConditionallyCompleteLinearOrder.{0} ENNReal
                        (@CompleteLinearOrder.toConditionallyCompleteLinearOrderBot.{0} ENNReal
                          ENNReal.instCompleteLinearOrder)))
                    (fun (x : Real) =>
                      ENNReal.ofReal
                        (@HDiv.hDiv.{0, 0, 0} Real Real Real
                          (@instHDiv.{0} Real (@DivInvMonoid.toDiv.{0} Real Real.instDivInvMonoid))
                          (@Nat.cast.{0} Real Real.instNatCast (chain_hits_count_up_to ambient A x))
                          (Real.log (Real.log x))))
                    (@Filter.atTop.{0} Real Real.instPreorder))
                  (@Eq.{1} ENNReal)
                  (@congrFun'.{1, 1} (Filter.{0} Real) ENNReal
                    (@Filter.limsup.{0, 0} ENNReal Real
                      (@ConditionallyCompleteLinearOrder.toConditionallyCompleteLattice.{0} ENNReal
                        (@ConditionallyCompleteLinearOrderBot.toConditionallyCompleteLinearOrder.{0} ENNReal
                          (@CompleteLinearOrder.toConditionallyCompleteLinearOrderBot.{0} ENNReal
                            ENNReal.instCompleteLinearOrder)))
                      fun (x : Real) =>
                      ENNReal.ofReal
                        (@HDiv.hDiv.{0, 0, 0} Real Real Real
                          (@instHDiv.{0} Real (@DivInvMonoid.toDiv.{0} Real Real.instDivInvMonoid))
                          (@Nat.cast.{0} Real Real.instNatCast (chain_count_up_to n x)) (Real.log (Real.log x))))
                    (@Filter.limsup.{0, 0} ENNReal Real
                      (@ConditionallyCompleteLinearOrder.toConditionallyCompleteLattice.{0} ENNReal
                        (@ConditionallyCompleteLinearOrderBot.toConditionallyCompleteLinearOrder.{0} ENNReal
                          (@CompleteLinearOrder.toConditionallyCompleteLinearOrderBot.{0} ENNReal
                            ENNReal.instCompleteLinearOrder)))
                      fun (x : Real) =>
                      ENNReal.ofReal
                        (@HDiv.hDiv.{0, 0, 0} Real Real Real
                          (@instHDiv.{0} Real (@DivInvMonoid.toDiv.{0} Real Real.instDivInvMonoid))
                          (@Nat.cast.{0} Real Real.instNatCast (chain_hits_count_up_to ambient A x))
                          (Real.log (Real.log x))))
                    (@congrArg.{1, 1} ((x : Real) → ENNReal) ((f : Filter.{0} Real) → ENNReal)
                      (fun (x : Real) =>
                        ENNReal.ofReal
                          (@HDiv.hDiv.{0, 0, 0} Real Real Real
                            (@instHDiv.{0} Real (@DivInvMonoid.toDiv.{0} Real Real.instDivInvMonoid))
                            (@Nat.cast.{0} Real Real.instNatCast (chain_count_up_to n x)) (Real.log (Real.log x))))
                      (fun (x : Real) =>
                        ENNReal.ofReal
                          (@HDiv.hDiv.{0, 0, 0} Real Real Real
                            (@instHDiv.{0} Real (@DivInvMonoid.toDiv.{0} Real Real.instDivInvMonoid))
                            (@Nat.cast.{0} Real Real.instNatCast (chain_hits_count_up_to ambient A x))
                            (Real.log (Real.log x))))
                      (@Filter.limsup.{0, 0} ENNReal Real
                        (@ConditionallyCompleteLinearOrder.toConditionallyCompleteLattice.{0} ENNReal
                          (@ConditionallyCompleteLinearOrderBot.toConditionallyCompleteLinearOrder.{0} ENNReal
                            (@CompleteLinearOrder.toConditionallyCompleteLinearOrderBot.{0} ENNReal
                              ENNReal.instCompleteLinearOrder))))
                      (@funext.{1, 1} Real (fun (x : Real) => ENNReal)
                        (fun (x : Real) =>
                          ENNReal.ofReal
                            (@HDiv.hDiv.{0, 0, 0} Real Real Real
                              (@instHDiv.{0} Real (@DivInvMonoid.toDiv.{0} Real Real.instDivInvMonoid))
                              (@Nat.cast.{0} Real Real.instNatCast (chain_count_up_to n x)) (Real.log (Real.log x))))
                        (fun (x : Real) =>
                          ENNReal.ofReal
                            (@HDiv.hDiv.{0, 0, 0} Real Real Real
                              (@instHDiv.{0} Real (@DivInvMonoid.toDiv.{0} Real Real.instDivInvMonoid))
                              (@Nat.cast.{0} Real Real.instNatCast (chain_hits_count_up_to ambient A x))
                              (Real.log (Real.log x))))
                        fun (x : Real) =>
                        @congrArg.{1, 1} Real ENNReal
                          (@HDiv.hDiv.{0, 0, 0} Real Real Real
                            (@instHDiv.{0} Real (@DivInvMonoid.toDiv.{0} Real Real.instDivInvMonoid))
                            (@Nat.cast.{0} Real Real.instNatCast (chain_count_up_to n x)) (Real.log (Real.log x)))
                          (@HDiv.hDiv.{0, 0, 0} Real Real Real
                            (@instHDiv.{0} Real (@DivInvMonoid.toDiv.{0} Real Real.instDivInvMonoid))
                            (@Nat.cast.{0} Real Real.instNatCast (chain_hits_count_up_to ambient A x))
                            (Real.log (Real.log x)))
                          ENNReal.ofReal
                          (@congrFun'.{1, 1} Real Real
                            (@HDiv.hDiv.{0, 0, 0} Real Real Real
                              (@instHDiv.{0} Real (@DivInvMonoid.toDiv.{0} Real Real.instDivInvMonoid))
                              (@Nat.cast.{0} Real Real.instNatCast (chain_count_up_to n x)))
                            (@HDiv.hDiv.{0, 0, 0} Real Real Real
                              (@instHDiv.{0} Real (@DivInvMonoid.toDiv.{0} Real Real.instDivInvMonoid))
                              (@Nat.cast.{0} Real Real.instNatCast (chain_hits_count_up_to ambient A x)))
                            (@congrArg.{1, 1} Real (Real → Real)
                              (@Nat.cast.{0} Real Real.instNatCast (chain_count_up_to n x))
                              (@Nat.cast.{0} Real Real.instNatCast (chain_hits_count_up_to ambient A x))
                              (@HDiv.hDiv.{0, 0, 0} Real Real Real
                                (@instHDiv.{0} Real (@DivInvMonoid.toDiv.{0} Real Real.instDivInvMonoid)))
                              (@congrArg.{1, 1} Nat Real (chain_count_up_to n x) (chain_hits_count_up_to ambient A x)
                                (@Nat.cast.{0} Real Real.instNatCast) ((fun (x : Real) => hcount x) x)))
                            (Real.log (Real.log x)))))
                    (@Filter.atTop.{0} Real Real.instPreorder)))
                (@Filter.limsup.{0, 0} ENNReal Real
                  (@ConditionallyCompleteLinearOrder.toConditionallyCompleteLattice.{0} ENNReal
                    (@ConditionallyCompleteLinearOrderBot.toConditionallyCompleteLinearOrder.{0} ENNReal
                      (@CompleteLinearOrder.toConditionallyCompleteLinearOrderBot.{0} ENNReal
                        ENNReal.instCompleteLinearOrder)))
                  (fun (x : Real) =>
                    ENNReal.ofReal
                      (@HDiv.hDiv.{0, 0, 0} Real Real Real
                        (@instHDiv.{0} Real (@DivInvMonoid.toDiv.{0} Real Real.instDivInvMonoid))
                        (@Nat.cast.{0} Real Real.instNatCast (chain_hits_count_up_to ambient A x))
                        (Real.log (Real.log x))))
                  (@Filter.atTop.{0} Real Real.instPreorder)))
              (@eq_self.{1} ENNReal
                (@Filter.limsup.{0, 0} ENNReal Real
                  (@ConditionallyCompleteLinearOrder.toConditionallyCompleteLattice.{0} ENNReal
                    (@ConditionallyCompleteLinearOrderBot.toConditionallyCompleteLinearOrder.{0} ENNReal
                      (@CompleteLinearOrder.toConditionallyCompleteLinearOrderBot.{0} ENNReal
                        ENNReal.instCompleteLinearOrder)))
                  (fun (x : Real) =>
                    ENNReal.ofReal
                      (@HDiv.hDiv.{0, 0, 0} Real Real Real
                        (@instHDiv.{0} Real (@DivInvMonoid.toDiv.{0} Real Real.instDivInvMonoid))
                        (@Nat.cast.{0} Real Real.instNatCast (chain_hits_count_up_to ambient A x))
                        (Real.log (Real.log x))))
                  (@Filter.atTop.{0} Real Real.instPreorder))));
        @Eq.mpr.{0} (upper_chain_density_at_least n (upper_doubly_log_density A))
          (@LE.le.{0} ENNReal ENNReal.instLE (ENNReal.ofReal (upper_doubly_log_density A))
            (upper_chain_hit_density ambient A))
          (@id.{0}
            (@Eq.{1} Prop (upper_chain_density_at_least n (upper_doubly_log_density A))
              (@LE.le.{0} ENNReal ENNReal.instLE (ENNReal.ofReal (upper_doubly_log_density A))
                (upper_chain_hit_density ambient A)))
            (@Eq.trans.{1} Prop
              (@LE.le.{0} ENNReal ENNReal.instLE (ENNReal.ofReal (upper_doubly_log_density A)) (upper_chain_density n))
              (@LE.le.{0} ENNReal ENNReal.instLE (ENNReal.ofReal (upper_doubly_log_density A))
                (upper_chain_hit_density ambient A))
              (@LE.le.{0} ENNReal ENNReal.instLE (ENNReal.ofReal (upper_doubly_log_density A))
                (upper_chain_hit_density ambient A))
              (@congrArg.{1, 1} ENNReal Prop (upper_chain_density n) (upper_chain_hit_density ambient A)
                (@LE.le.{0} ENNReal ENNReal.instLE ⋯) ⋯)
              ⋯))
          ⋯)))
'dense_hits_subchain_in_set' depends on axioms: [propext, Classical.choice, Quot.sound]
